[demo.zytheme.com/lalan/index.html]
[demo.zytheme.com/lalan/assets/images/favicon/favicon.png]
[demo.zytheme.com/lalan/assets/css/external.css]
[demo.zytheme.com/lalan/assets/css/bootstrap.min.css]
[backblue.gif]
[fade.gif]
[index.html]
[demo.zytheme.com/lalan/assets/css/style.css]
[demo.zytheme.com/lalan/index-2.html]
[demo.zytheme.com/lalan/assets/images/logo/logo-light.png]
[demo.zytheme.com/lalan/assets/images/logo/logo-dark.png]
[demo.zytheme.com/lalan/home-map.html]
[demo.zytheme.com/lalan/home-property.html]
[demo.zytheme.com/lalan/home-splash.html]
[demo.zytheme.com/lalan/agents.html]
[demo.zytheme.com/lalan/agent-profile.html]
[demo.zytheme.com/lalan/agency-list.html]
[demo.zytheme.com/lalan/agency-profile.html]
[demo.zytheme.com/lalan/blog.html]
[demo.zytheme.com/lalan/blog-sidebar-right.html]
[demo.zytheme.com/lalan/blog-sidebar-left.html]
[demo.zytheme.com/lalan/blog-single.html]
[demo.zytheme.com/lalan/page-about.html]
[demo.zytheme.com/lalan/page-contact.html]
[demo.zytheme.com/lalan/page-faq.html]
[demo.zytheme.com/lalan/page-404.html]
[demo.zytheme.com/lalan/user-profile.html]
[demo.zytheme.com/lalan/social-profile.html]
[demo.zytheme.com/lalan/my-properties.html]
[demo.zytheme.com/lalan/favourite-properties.html]
[demo.zytheme.com/lalan/add-property.html]
[demo.zytheme.com/lalan/properties-grid.html]
[demo.zytheme.com/lalan/properties-grid-split.html]
[demo.zytheme.com/lalan/properties-list.html]
[demo.zytheme.com/lalan/properties-list-split.html]
[demo.zytheme.com/lalan/property-single-gallery.html]
[demo.zytheme.com/lalan/property-single-slider.html]
[demo.zytheme.com/lalan/assets/images/slider/slide-bg/3.jpg]
[demo.zytheme.com/lalan/assets/images/slider/slide-bg/1.jpg]
[demo.zytheme.com/lalan/assets/images/properties/3.jpg]
[demo.zytheme.com/lalan/assets/images/properties/11.jpg]
[demo.zytheme.com/lalan/assets/images/properties/5.jpg]
[demo.zytheme.com/lalan/assets/images/properties/4.jpg]
[demo.zytheme.com/lalan/assets/images/properties/2.jpg]
[demo.zytheme.com/lalan/assets/images/features/icons/5.png]
[demo.zytheme.com/lalan/assets/images/features/icons/6.png]
[demo.zytheme.com/lalan/assets/images/features/icons/7.png]
[demo.zytheme.com/lalan/assets/images/properties/city/1.jpg]
[demo.zytheme.com/lalan/assets/images/properties/city/2.jpg]
[demo.zytheme.com/lalan/assets/images/properties/city/3.jpg]
[demo.zytheme.com/lalan/assets/images/properties/city/4.jpg]
[demo.zytheme.com/lalan/assets/images/agents/grid/1.png]
[demo.zytheme.com/lalan/assets/images/agents/grid/2.png]
[demo.zytheme.com/lalan/assets/images/agents/grid/3.png]
[demo.zytheme.com/lalan/assets/images/cta/bg-1.jpg]
[demo.zytheme.com/lalan/assets/images/logo/logo-dark2.png]
[demo.zytheme.com/cdn-cgi/scripts/5c5dd728/cloudflare-static/email-decode.min.js]
[demo.zytheme.com/lalan/assets/js/jquery-2.2.4.min.js]
[demo.zytheme.com/lalan/assets/js/plugins.js]
[demo.zytheme.com/lalan/index.html]
[demo.zytheme.com/lalan/assets/js/functions.js]
[demo.zytheme.com/lalan/assets/fonts/fontawesome-webfont5b62.eot]
[demo.zytheme.com/lalan/assets/fonts/fontawesome-webfontd41d.eot]
[demo.zytheme.com/lalan/assets/fonts/fontawesome-webfont5b62.woff2]
[demo.zytheme.com/lalan/assets/fonts/fontawesome-webfont5b62.woff]
[demo.zytheme.com/lalan/assets/fonts/fontawesome-webfont5b62.ttf]
[demo.zytheme.com/lalan/assets/css/fonts/Linearicons-Free54e9.eot]
[demo.zytheme.com/lalan/assets/css/fonts/Linearicons-Freed41d.eot]
[demo.zytheme.com/lalan/assets/css/fonts/Linearicons-Free54e9.woff2]
[demo.zytheme.com/lalan/assets/css/fonts/Linearicons-Free54e9.woff]
[demo.zytheme.com/lalan/assets/css/fonts/Linearicons-Free54e9.ttf]
[demo.zytheme.com/lalan/assets/css/external.css]
[demo.zytheme.com/lalan/assets/css/bootstrap.min.css]
[demo.zytheme.com/lalan/assets/images/features/icons/divider.png]
[demo.zytheme.com/lalan/assets/css/style.css]
[demo.zytheme.com/lalan/index-2.html]
[demo.zytheme.com/lalan/assets/js/plugins/jquery.gmap.min.js]
[demo.zytheme.com/lalan/assets/js/map-addresses.js]
[demo.zytheme.com/lalan/home-map.html]
[demo.zytheme.com/lalan/assets/js/map-custom.js]
[demo.zytheme.com/lalan/assets/images/slider/slide-bg/4.jpg]
[demo.zytheme.com/lalan/home-property.html]
[demo.zytheme.com/lalan/home-splash.html]
[demo.zytheme.com/lalan/assets/images/page-titles/1.jpg]
[demo.zytheme.com/lalan/assets/images/agents/grid/4.png]
[demo.zytheme.com/lalan/assets/images/agents/grid/5.png]
[demo.zytheme.com/lalan/assets/images/agents/grid/6.png]
[demo.zytheme.com/lalan/agents.html]
[demo.zytheme.com/lalan/assets/images/agents/single/1.jpg]
[demo.zytheme.com/lalan/assets/images/properties/1.jpg]
[demo.zytheme.com/lalan/agent-profile.html]
[demo.zytheme.com/lalan/assets/images/agency/1.png]
[demo.zytheme.com/lalan/assets/images/agency/2.png]
[demo.zytheme.com/lalan/assets/images/agency/3.png]
[demo.zytheme.com/lalan/assets/images/agency/4.png]
[demo.zytheme.com/lalan/agency-list.html]
[demo.zytheme.com/lalan/assets/images/agency/2.jpg]
[demo.zytheme.com/lalan/agency-profile.html]
[demo.zytheme.com/lalan/assets/images/blog/grid/1.jpg]
[demo.zytheme.com/lalan/assets/images/blog/grid/2.jpg]
[demo.zytheme.com/lalan/assets/images/blog/grid/3.jpg]
[demo.zytheme.com/lalan/assets/images/blog/grid/4.jpg]
[demo.zytheme.com/lalan/assets/images/blog/grid/5.jpg]
[demo.zytheme.com/lalan/assets/images/blog/grid/6.jpg]
[demo.zytheme.com/lalan/assets/images/blog/grid/7.jpg]
[demo.zytheme.com/lalan/assets/images/blog/grid/8.jpg]
[demo.zytheme.com/lalan/assets/images/blog/grid/9.jpg]
[demo.zytheme.com/lalan/blog.html]
[demo.zytheme.com/lalan/assets/images/blog/thumb/1.jpg]
[demo.zytheme.com/lalan/assets/images/blog/thumb/2.jpg]
[demo.zytheme.com/lalan/assets/images/blog/thumb/3.jpg]
[demo.zytheme.com/lalan/assets/images/blog/thumb/4.jpg]
[demo.zytheme.com/lalan/blog-sidebar-right.html]
[demo.zytheme.com/lalan/blog-sidebar-left.html]
[demo.zytheme.com/lalan/assets/images/blog/standard/1.jpg]
[demo.zytheme.com/lalan/blog-single.html]
[demo.zytheme.com/lalan/assets/images/about/1.jpg]
[demo.zytheme.com/lalan/assets/images/features/icons/1.png]
[demo.zytheme.com/lalan/assets/images/features/icons/2.png]
[demo.zytheme.com/lalan/assets/images/features/icons/3.png]
[demo.zytheme.com/lalan/assets/images/features/icons/4.png]
[demo.zytheme.com/lalan/page-about.html]
[demo.zytheme.com/lalan/page-contact.html]
[demo.zytheme.com/lalan/assets/images/accordion/1.jpg]
[demo.zytheme.com/lalan/page-faq.html]
[demo.zytheme.com/lalan/assets/images/background/bg-1.jpg]
[demo.zytheme.com/lalan/assets/images/404/404-icon.png]
[demo.zytheme.com/lalan/page-404.html]
[demo.zytheme.com/lalan/user-profile.html]
[demo.zytheme.com/lalan/social-profile.html]
[demo.zytheme.com/lalan/assets/images/properties/6.jpg]
[demo.zytheme.com/lalan/assets/images/properties/7.jpg]
[demo.zytheme.com/lalan/my-properties.html]
[demo.zytheme.com/lalan/assets/images/properties/8.jpg]
[demo.zytheme.com/lalan/assets/images/properties/9.jpg]
[demo.zytheme.com/lalan/assets/images/properties/10.jpg]
[demo.zytheme.com/lalan/favourite-properties.html]
[demo.zytheme.com/lalan/add-property.html]
[demo.zytheme.com/lalan/assets/images/properties/13.jpg]
[demo.zytheme.com/lalan/assets/images/properties/12.jpg]
[demo.zytheme.com/lalan/properties-grid.html]
[demo.zytheme.com/lalan/properties-grid-split.html]
[demo.zytheme.com/lalan/properties-list.html]
[demo.zytheme.com/lalan/properties-list-split.html]
[demo.zytheme.com/lalan/assets/images/properties/slider/1.jpg]
[demo.zytheme.com/lalan/assets/images/properties/slider/2.jpg]
[demo.zytheme.com/lalan/assets/images/properties/slider/3.jpg]
[demo.zytheme.com/lalan/assets/images/properties/slider/4.jpg]
[demo.zytheme.com/lalan/assets/images/properties/slider/5.jpg]
[demo.zytheme.com/lalan/assets/images/properties/slider/thumbs/1.jpg]
[demo.zytheme.com/lalan/assets/images/properties/slider/thumbs/2.jpg]
[demo.zytheme.com/lalan/assets/images/properties/slider/thumbs/3.jpg]
[demo.zytheme.com/lalan/assets/images/properties/slider/thumbs/4.jpg]
[demo.zytheme.com/lalan/assets/images/properties/slider/thumbs/5.jpg]
[demo.zytheme.com/lalan/assets/images/property-single/features/1.png]
[demo.zytheme.com/lalan/assets/images/property-single/features/2.png]
[demo.zytheme.com/lalan/assets/images/property-single/features/3.png]
[demo.zytheme.com/lalan/assets/images/property-single/features/4.png]
[demo.zytheme.com/lalan/assets/images/property-single/features/5.png]
[demo.zytheme.com/lalan/assets/images/property-single/features/6.png]
[demo.zytheme.com/lalan/assets/images/property-single/1.png]
[demo.zytheme.com/lalan/assets/images/video/1.jpg]
[demo.zytheme.com/lalan/assets/images/agents/grid/7.jpg]
[demo.zytheme.com/lalan/property-single-gallery.html]
[demo.zytheme.com/lalan/property-single-slider.html]
[demo.zytheme.com/lalan/assets/fonts/fontawesome-webfont5b62.html]
[demo.zytheme.com/lalan/assets/css/fonts/Stroke-Gap-Icons.html]
[demo.zytheme.com/lalan/assets/css/fonts/Linearicons-Free54e9.html]
[demo.zytheme.com/lalan/assets/css/owl.video.play.html]
[demo.zytheme.com/lalan/assets/fonts/glyphicons-halflings-regular.html]
[demo.zytheme.com/lalan/assets/fonts/glyphicons-halflings-regulard41d.html]
[demo.zytheme.com/lalan/assets/fonts/glyphicons-halflings-regular-2.html]
[demo.zytheme.com/lalan/assets/fonts/glyphicons-halflings-regular-3.html]
[demo.zytheme.com/lalan/assets/fonts/glyphicons-halflings-regular-4.html]
[demo.zytheme.com/lalan/assets/fonts/glyphicons-halflings-regular-5.html]
[demo.zytheme.com/lalan/assets/css/polina.html]
[demo.zytheme.com/lalan/assets/js/dropzone.html]
